22:56:40  INFO      Output directories ready: /Users/danilocoutodesouza/Documents/Programs_and_scripts/osr11/outputs/threshold_calibration
22:56:40  INFO      ====================================================================
22:56:40  INFO      OSR11 — Threshold Calibration (Step 4: CSI Grid Scan)
22:56:40  INFO      Input:  /Users/danilocoutodesouza/Documents/Programs_and_scripts/osr11/data/test/metocean_sc_full_unified_waverys_grid.nc
22:56:40  INFO      Output: /Users/danilocoutodesouza/Documents/Programs_and_scripts/osr11/outputs/threshold_calibration
22:56:40  INFO      Threshold grid: Hₛ × SSH_total → 9 × 9 = 81 pairs
22:56:40  INFO      ====================================================================
22:56:40  INFO      Unified dataset: 12053 days | 18 lat | 11 lon | 1993-01-01 to 2025-12-31
22:56:40  INFO      Events: all SC sectors retained (91 records across 5 sectors)
22:56:40  INFO      Reported events: 91 records | 22 municipalities | 1998-02-15 to 2020-06-30
22:56:40  INFO      [preprocessing] Temporal clip applied: 1998-02-13 → 2020-07-01  (12053 → 8175 steps, 3878 steps removed)
22:56:40  INFO      [preprocessing] Event date range: 1998-02-15 → 2020-06-30  (window margins: -2 / +1 days relative to first/last event)
22:56:40  INFO      == Building event records ==
22:56:40  INFO      Preprocessing reference loaded: 23 municipalities mapped (0 flagged)
22:56:40  INFO      Event records: 91 valid | 0 skipped
22:56:40  INFO      Built 91 event records.
22:56:40  INFO      Computing FES2022 daily-maximum tidal series for all unique grid points...
22:56:40  INFO      Computing FES2022 tides for 10 unique grid points  [mode: daily max (hourly FES2022 → resample)]...
22:56:40  INFO        [1/10] lat=-26.2000, lon=-48.4000  (8175 days)
Modelling tides with FES2022
22:56:48  INFO        [2/10] lat=-26.6000, lon=-48.6000  (8175 days)
Modelling tides with FES2022
22:56:54  INFO        [3/10] lat=-27.0000, lon=-48.4000  (8175 days)
Modelling tides with FES2022
22:57:00  INFO        [4/10] lat=-27.2000, lon=-48.4000  (8175 days)
Modelling tides with FES2022
22:57:06  INFO        [5/10] lat=-29.0000, lon=-49.2000  (8175 days)
Modelling tides with FES2022
22:57:12  INFO        [6/10] lat=-27.6000, lon=-48.4000  (8175 days)
Modelling tides with FES2022
22:57:18  INFO        [7/10] lat=-29.0000, lon=-49.4000  (8175 days)
Modelling tides with FES2022
22:57:24  INFO        [8/10] lat=-29.2000, lon=-49.4000  (8175 days)
Modelling tides with FES2022
22:57:30  INFO        [9/10] lat=-29.4000, lon=-49.6000  (8175 days)
Modelling tides with FES2022
22:57:36  INFO        [10/10] lat=-28.2000, lon=-48.6000  (8175 days)
Modelling tides with FES2022
22:57:43  INFO      Tide computation complete for 10 grid points.
22:57:43  INFO      FES2022 tide validated for all 10 grid point(s).
22:57:43  INFO      Building SSH_total = SSH + tide series per grid point...
22:57:43  INFO      SSH_total cache built for 10 unique grid points.
22:57:43  INFO      Layer 1: event-by-event hit/miss grid scan...
22:57:43  INFO        Layer 1 grid scan: pair 1/81  (hs=q50, ssh=q50)
22:57:47  INFO        Layer 1 grid scan: pair 10/81  (hs=q55, ssh=q50)
22:57:51  INFO        Layer 1 grid scan: pair 19/81  (hs=q60, ssh=q50)
22:57:56  INFO        Layer 1 grid scan: pair 28/81  (hs=q65, ssh=q50)
22:58:00  INFO        Layer 1 grid scan: pair 37/81  (hs=q70, ssh=q50)
22:58:04  INFO        Layer 1 grid scan: pair 46/81  (hs=q75, ssh=q50)
22:58:09  INFO        Layer 1 grid scan: pair 55/81  (hs=q80, ssh=q50)
22:58:13  INFO        Layer 1 grid scan: pair 64/81  (hs=q85, ssh=q50)
22:58:17  INFO        Layer 1 grid scan: pair 73/81  (hs=q90, ssh=q50)
22:58:22  INFO      Layer 1 complete. Total capture evaluations: 7371
22:58:22  INFO      Layer 2: false alarm scan across full series...
22:58:22  INFO        Layer 2 false alarms: pair 1/81  (hs=q50, ssh=q50)
22:58:27  INFO        Layer 2 false alarms: pair 10/81  (hs=q55, ssh=q50)
22:58:32  INFO        Layer 2 false alarms: pair 19/81  (hs=q60, ssh=q50)
22:58:37  INFO        Layer 2 false alarms: pair 28/81  (hs=q65, ssh=q50)
22:58:42  INFO        Layer 2 false alarms: pair 37/81  (hs=q70, ssh=q50)
22:58:47  INFO        Layer 2 false alarms: pair 46/81  (hs=q75, ssh=q50)
22:58:52  INFO        Layer 2 false alarms: pair 55/81  (hs=q80, ssh=q50)
22:58:56  INFO        Layer 2 false alarms: pair 64/81  (hs=q85, ssh=q50)
22:59:01  INFO        Layer 2 false alarms: pair 73/81  (hs=q90, ssh=q50)
22:59:05  INFO      Layer 2 complete.
22:59:05  INFO      Computing CSI/POD/FAR metrics...
22:59:05  INFO      Optimal pair: hs=q90 / ssh=q90 → CSI=0.015  FAR=0.984  POD=0.231  H=21 M=70 F=1298
22:59:05  INFO      == Generating Step 4 summary outputs ==
22:59:05  INFO        -> Table: /Users/danilocoutodesouza/Documents/Programs_and_scripts/osr11/outputs/threshold_calibration/tables/tab_TC4_metrics_full.csv
22:59:05  INFO        -> Table: /Users/danilocoutodesouza/Documents/Programs_and_scripts/osr11/outputs/threshold_calibration/tables/tab_TC4_metrics_ranked.csv
22:59:05  INFO        -> Table: /Users/danilocoutodesouza/Documents/Programs_and_scripts/osr11/outputs/threshold_calibration/tables/tab_TC4_event_hits.csv
22:59:05  INFO        -> Table: /Users/danilocoutodesouza/Documents/Programs_and_scripts/osr11/outputs/threshold_calibration/tables/tab_TC4_event_hits_optimal.csv
22:59:05  INFO        -> Table: /Users/danilocoutodesouza/Documents/Programs_and_scripts/osr11/outputs/threshold_calibration/tables/tab_TC4_optimal_pair.csv
22:59:05  INFO        -> Table: /Users/danilocoutodesouza/Documents/Programs_and_scripts/osr11/outputs/threshold_calibration/tables/tab_TC4_lag_summary.csv
22:59:05  INFO        -> Table: /Users/danilocoutodesouza/Documents/Programs_and_scripts/osr11/outputs/threshold_calibration/tables/tab_TC4_false_alarms_per_municipality.csv
22:59:05  INFO        Loaded municipality grid reference: 23 rows
22:59:05  INFO      Generating threshold calibration figures...
22:59:08  INFO        -> Figure: /Users/danilocoutodesouza/Documents/Programs_and_scripts/osr11/outputs/threshold_calibration/figures/summary/fig_TC4_A1_grid_audit.png
22:59:08  INFO        -> Figure: /Users/danilocoutodesouza/Documents/Programs_and_scripts/osr11/outputs/threshold_calibration/figures/summary/fig_TC4_H1_csi_heatmap.png
22:59:09  INFO        -> Figure: /Users/danilocoutodesouza/Documents/Programs_and_scripts/osr11/outputs/threshold_calibration/figures/summary/fig_TC4_H2_far_heatmap.png
22:59:09  INFO        -> Figure: /Users/danilocoutodesouza/Documents/Programs_and_scripts/osr11/outputs/threshold_calibration/figures/summary/fig_TC4_H3_pod_heatmap.png
22:59:09  INFO        -> Figure: /Users/danilocoutodesouza/Documents/Programs_and_scripts/osr11/outputs/threshold_calibration/figures/summary/fig_TC4_S1_ranking_scatter.png
22:59:09  INFO        -> Figure: /Users/danilocoutodesouza/Documents/Programs_and_scripts/osr11/outputs/threshold_calibration/figures/summary/fig_TC4_S2_event_hits.png
22:59:09  INFO        -> Figure: /Users/danilocoutodesouza/Documents/Programs_and_scripts/osr11/outputs/threshold_calibration/figures/summary/fig_TC4_S3_lag_distribution.png
22:59:09  INFO        -> Figure: /Users/danilocoutodesouza/Documents/Programs_and_scripts/osr11/outputs/threshold_calibration/figures/summary/fig_TC4_S4_sector_pod.png
22:59:10  INFO        -> Figure: /Users/danilocoutodesouza/Documents/Programs_and_scripts/osr11/outputs/threshold_calibration/figures/summary/fig_TC4_S5_peak_scatter.png
22:59:10  INFO        -> Figure: /Users/danilocoutodesouza/Documents/Programs_and_scripts/osr11/outputs/threshold_calibration/figures/summary/fig_TC4_M1_city_hit_rate.png
22:59:11  INFO        -> Figure: /Users/danilocoutodesouza/Documents/Programs_and_scripts/osr11/outputs/threshold_calibration/figures/summary/fig_TC4_M2_city_miss_rate.png
22:59:11  INFO        -> Figure: /Users/danilocoutodesouza/Documents/Programs_and_scripts/osr11/outputs/threshold_calibration/figures/summary/fig_TC4_M3_city_false_alarms.png
22:59:11  INFO      All TC4 figures saved.
22:59:11  INFO      Generating per-event time-series figures (diagonal pairs q50–q90)...
22:59:11  INFO      Generating event time-series figures: 91 records × 9 pairs = 819 figures
22:59:11  INFO        Pair hs=q50 / ssh=q50 …
22:59:34  INFO        Pair hs=q55 / ssh=q55 …
22:59:56  INFO        Pair hs=q60 / ssh=q60 …
23:00:19  INFO        Pair hs=q65 / ssh=q65 …
23:00:41  INFO        Pair hs=q70 / ssh=q70 …
23:01:04  INFO        Pair hs=q75 / ssh=q75 …
23:01:26  INFO        Pair hs=q80 / ssh=q80 …
23:01:48  INFO        Pair hs=q85 / ssh=q85 …
23:02:12  INFO        Pair hs=q90 / ssh=q90 …
23:02:34  INFO      Event figures: 819 saved, 0 skipped.
23:02:34  INFO        -> tc4Events.ts: /Users/danilocoutodesouza/Documents/Programs_and_scripts/osr11/site/content/tc4Events.ts (91 entries)
23:02:34  INFO        -> Run log: /Users/danilocoutodesouza/Documents/Programs_and_scripts/osr11/outputs/threshold_calibration/logs/log_TC4_run_summary.txt
23:02:34  INFO      == Step 4 summary complete ==
23:02:34  INFO      ====================================================================
23:02:34  INFO      Threshold calibration complete.
23:02:34  INFO        Summary figures : /Users/danilocoutodesouza/Documents/Programs_and_scripts/osr11/outputs/threshold_calibration/figures/summary
23:02:34  INFO        Tables          : /Users/danilocoutodesouza/Documents/Programs_and_scripts/osr11/outputs/threshold_calibration/tables
23:02:34  INFO      ====================================================================

